#! /usr/bin/vvp
:ivl_version "12.0 (stable)";
:ivl_delay_selection "TYPICAL";
:vpi_time_precision - 12;
:vpi_module "/usr/lib/x86_64-linux-gnu/ivl/system.vpi";
:vpi_module "/usr/lib/x86_64-linux-gnu/ivl/vhdl_sys.vpi";
:vpi_module "/usr/lib/x86_64-linux-gnu/ivl/vhdl_textio.vpi";
:vpi_module "/usr/lib/x86_64-linux-gnu/ivl/v2005_math.vpi";
:vpi_module "/usr/lib/x86_64-linux-gnu/ivl/va_math.vpi";
S_0x5c82ed768da0 .scope module, "checkbit_calc_tb" "checkbit_calc_tb" 2 3;
 .timescale -9 -12;
v0x5c82ed796760_0 .net "ccw_position_counts_o", 11 0, v0x5c82ed795890_0;  1 drivers
v0x5c82ed796840_0 .net "checkBit_Error_o", 0 0, v0x5c82ed795970_0;  1 drivers
v0x5c82ed796910_0 .net "checkBit_NoError_o", 0 0, v0x5c82ed795a10_0;  1 drivers
v0x5c82ed796a10_0 .net "checkbit_result_o", 1 0, v0x5c82ed795ad0_0;  1 drivers
v0x5c82ed796ae0_0 .var "clk_i", 0 0;
v0x5c82ed796b80_0 .net "cw_position_counts_o", 11 0, v0x5c82ed795da0_0;  1 drivers
v0x5c82ed796c50_0 .net "data_ready_o", 0 0, v0x5c82ed795e80_0;  1 drivers
v0x5c82ed796d20_0 .var "encoder_data_i", 15 0;
v0x5c82ed796df0_0 .var "encoder_raw_data_ready_i", 0 0;
v0x5c82ed796ec0_0 .var "rst_in", 0 0;
S_0x5c82ed768f30 .scope module, "uut" "checkbit_calc" 2 20, 3 1 0, S_0x5c82ed768da0;
 .timescale 0 0;
    .port_info 0 /INPUT 1 "clk_i";
    .port_info 1 /INPUT 1 "rst_in";
    .port_info 2 /INPUT 1 "encoder_raw_data_ready_i";
    .port_info 3 /INPUT 16 "encoder_data_i";
    .port_info 4 /OUTPUT 12 "cw_position_counts_o";
    .port_info 5 /OUTPUT 12 "ccw_position_counts_o";
    .port_info 6 /OUTPUT 2 "checkbit_result_o";
    .port_info 7 /OUTPUT 1 "data_ready_o";
    .port_info 8 /OUTPUT 1 "checkBit_NoError_o";
    .port_info 9 /OUTPUT 1 "checkBit_Error_o";
P_0x5c82ed751180 .param/l "CHECK_BIT_CALC_ST" 1 3 22, +C4<00000000000000000000000000000001>;
P_0x5c82ed7511c0 .param/l "ENCODER_VALUE_ST" 1 3 21, +C4<00000000000000000000000000000000>;
P_0x5c82ed751200 .param/l "VALIDATE_RESULT_ST" 1 3 23, +C4<00000000000000000000000000000010>;
P_0x5c82ed751240 .param/l "ccw_to_cw_position_conversion_c" 0 3 20, +C4<00000000000000000000111111111111>;
L_0x5c82ed74c140 .functor NOT 1, v0x5c82ed796df0_0, C4<0>, C4<0>, C4<0>;
L_0x5c82ed755ae0 .functor AND 1, L_0x5c82ed74c140, v0x5c82ed7961c0_0, C4<1>, C4<1>;
v0x5c82ed795790_0 .net *"_ivl_0", 0 0, L_0x5c82ed74c140;  1 drivers
v0x5c82ed795890_0 .var "ccw_position_counts_o", 11 0;
v0x5c82ed795970_0 .var "checkBit_Error_o", 0 0;
v0x5c82ed795a10_0 .var "checkBit_NoError_o", 0 0;
v0x5c82ed795ad0_0 .var "checkbit_result_o", 1 0;
v0x5c82ed795c00_0 .var "checkbit_result_ready_rs", 1 0;
v0x5c82ed795ce0_0 .net "clk_i", 0 0, v0x5c82ed796ae0_0;  1 drivers
v0x5c82ed795da0_0 .var "cw_position_counts_o", 11 0;
v0x5c82ed795e80_0 .var "data_ready_o", 0 0;
v0x5c82ed795f40_0 .var "data_rs", 11 0;
v0x5c82ed796020_0 .net "encoder_data_i", 15 0, v0x5c82ed796d20_0;  1 drivers
v0x5c82ed796100_0 .net "encoder_raw_data_ready_i", 0 0, v0x5c82ed796df0_0;  1 drivers
v0x5c82ed7961c0_0 .var "encoder_raw_data_ready_rs", 0 0;
v0x5c82ed796280_0 .net "fe_encoder_raw_data_ready_rs", 0 0, L_0x5c82ed755ae0;  1 drivers
v0x5c82ed796340_0 .var "nextstate", 2 0;
v0x5c82ed796420_0 .net "rst_in", 0 0, v0x5c82ed796ec0_0;  1 drivers
v0x5c82ed7964e0_0 .var "state", 2 0;
E_0x5c82ed720b60/0 .event negedge, v0x5c82ed796420_0;
E_0x5c82ed720b60/1 .event posedge, v0x5c82ed795ce0_0;
E_0x5c82ed720b60 .event/or E_0x5c82ed720b60/0, E_0x5c82ed720b60/1;
E_0x5c82ed75b320 .event anyedge, v0x5c82ed796280_0, v0x5c82ed796020_0, v0x5c82ed7964e0_0;
S_0x5c82ed720590 .scope function.vec4.s2, "CheckbitResult" "CheckbitResult" 3 55, 3 55 0, S_0x5c82ed768f30;
 .timescale 0 0;
; Variable CheckbitResult is vec4 return value of scope S_0x5c82ed720590
v0x5c82ed74c360_0 .var "data", 15 0;
v0x5c82ed755c50_0 .var "even_checkbit", 0 0;
v0x5c82ed755cf0_0 .var "even_parity", 0 0;
v0x5c82ed7954e0_0 .var/i "i", 31 0;
v0x5c82ed795610_0 .var "odd_checkbit", 0 0;
v0x5c82ed7956d0_0 .var "odd_parity", 0 0;
TD_checkbit_calc_tb.uut.CheckbitResult ;
    %pushi/vec4 0, 0, 1;
    %store/vec4 v0x5c82ed7956d0_0, 0, 1;
    %pushi/vec4 0, 0, 1;
    %store/vec4 v0x5c82ed755cf0_0, 0, 1;
    %pushi/vec4 0, 0, 1;
    %store/vec4 v0x5c82ed795610_0, 0, 1;
    %pushi/vec4 0, 0, 1;
    %store/vec4 v0x5c82ed755c50_0, 0, 1;
    %pushi/vec4 0, 0, 32;
    %store/vec4 v0x5c82ed7954e0_0, 0, 32;
T_0.0 ;
    %load/vec4 v0x5c82ed7954e0_0;
    %cmpi/s 6, 0, 32;
    %flag_or 5, 4;
    %jmp/0xz T_0.1, 5;
    %load/vec4 v0x5c82ed74c360_0;
    %load/vec4 v0x5c82ed7954e0_0;
    %muli 2, 0, 32;
    %addi 1, 0, 32;
    %part/s 1;
    %load/vec4 v0x5c82ed7956d0_0;
    %xor;
    %store/vec4 v0x5c82ed7956d0_0, 0, 1;
    %load/vec4 v0x5c82ed7954e0_0;
    %addi 1, 0, 32;
    %store/vec4 v0x5c82ed7954e0_0, 0, 32;
    %jmp T_0.0;
T_0.1 ;
    %pushi/vec4 0, 0, 32;
    %store/vec4 v0x5c82ed7954e0_0, 0, 32;
T_0.2 ;
    %load/vec4 v0x5c82ed7954e0_0;
    %cmpi/s 6, 0, 32;
    %flag_or 5, 4;
    %jmp/0xz T_0.3, 5;
    %load/vec4 v0x5c82ed74c360_0;
    %load/vec4 v0x5c82ed7954e0_0;
    %muli 2, 0, 32;
    %part/s 1;
    %load/vec4 v0x5c82ed755cf0_0;
    %xor;
    %store/vec4 v0x5c82ed755cf0_0, 0, 1;
    %load/vec4 v0x5c82ed7954e0_0;
    %addi 1, 0, 32;
    %store/vec4 v0x5c82ed7954e0_0, 0, 32;
    %jmp T_0.2;
T_0.3 ;
    %load/vec4 v0x5c82ed7956d0_0;
    %nor/r;
    %load/vec4 v0x5c82ed74c360_0;
    %parti/s 1, 15, 5;
    %xor;
    %store/vec4 v0x5c82ed795610_0, 0, 1;
    %load/vec4 v0x5c82ed755cf0_0;
    %nor/r;
    %load/vec4 v0x5c82ed74c360_0;
    %parti/s 1, 14, 5;
    %xor;
    %store/vec4 v0x5c82ed755c50_0, 0, 1;
    %load/vec4 v0x5c82ed795610_0;
    %load/vec4 v0x5c82ed755c50_0;
    %concat/vec4; draw_concat_vec4
    %ret/vec4 0, 0, 2;  Assign to CheckbitResult (store_vec4_to_lval)
    %end;
    .scope S_0x5c82ed768f30;
T_1 ;
    %wait E_0x5c82ed720b60;
    %load/vec4 v0x5c82ed796420_0;
    %nor/r;
    %flag_set/vec4 8;
    %jmp/0xz  T_1.0, 8;
    %pushi/vec4 1, 0, 3;
    %assign/vec4 v0x5c82ed7964e0_0, 0;
    %pushi/vec4 0, 0, 1;
    %assign/vec4 v0x5c82ed7961c0_0, 0;
    %jmp T_1.1;
T_1.0 ;
    %load/vec4 v0x5c82ed796340_0;
    %assign/vec4 v0x5c82ed7964e0_0, 0;
    %load/vec4 v0x5c82ed796100_0;
    %assign/vec4 v0x5c82ed7961c0_0, 0;
T_1.1 ;
    %jmp T_1;
    .thread T_1;
    .scope S_0x5c82ed768f30;
T_2 ;
    %wait E_0x5c82ed75b320;
    %pushi/vec4 0, 0, 3;
    %store/vec4 v0x5c82ed796340_0, 0, 3;
    %pushi/vec4 1, 0, 1;
    %dup/vec4;
    %load/vec4 v0x5c82ed7964e0_0;
    %parti/s 1, 0, 2;
    %cmp/u;
    %jmp/1 T_2.0, 6;
    %dup/vec4;
    %load/vec4 v0x5c82ed7964e0_0;
    %parti/s 1, 1, 2;
    %cmp/u;
    %jmp/1 T_2.1, 6;
    %dup/vec4;
    %load/vec4 v0x5c82ed7964e0_0;
    %parti/s 1, 2, 3;
    %cmp/u;
    %jmp/1 T_2.2, 6;
    %pushi/vec4 0, 0, 3;
    %store/vec4 v0x5c82ed796340_0, 0, 3;
    %jmp T_2.4;
T_2.0 ;
    %load/vec4 v0x5c82ed796280_0;
    %cmpi/e 1, 0, 1;
    %flag_get/vec4 4;
    %jmp/0 T_2.7, 4;
    %load/vec4 v0x5c82ed796020_0;
    %pad/u 32;
    %pushi/vec4 0, 0, 32;
    %cmp/ne;
    %flag_get/vec4 4;
    %and;
T_2.7;
    %flag_set/vec4 8;
    %jmp/0xz  T_2.5, 8;
    %pushi/vec4 1, 0, 1;
    %ix/load 4, 1, 0;
    %flag_set/imm 4, 0;
    %store/vec4 v0x5c82ed796340_0, 4, 1;
    %jmp T_2.6;
T_2.5 ;
    %pushi/vec4 1, 0, 1;
    %ix/load 4, 0, 0;
    %flag_set/imm 4, 0;
    %store/vec4 v0x5c82ed796340_0, 4, 1;
T_2.6 ;
    %jmp T_2.4;
T_2.1 ;
    %pushi/vec4 1, 0, 1;
    %ix/load 4, 2, 0;
    %flag_set/imm 4, 0;
    %store/vec4 v0x5c82ed796340_0, 4, 1;
    %jmp T_2.4;
T_2.2 ;
    %pushi/vec4 1, 0, 1;
    %ix/load 4, 0, 0;
    %flag_set/imm 4, 0;
    %store/vec4 v0x5c82ed796340_0, 4, 1;
    %jmp T_2.4;
T_2.4 ;
    %pop/vec4 1;
    %jmp T_2;
    .thread T_2, $push;
    .scope S_0x5c82ed768f30;
T_3 ;
    %wait E_0x5c82ed720b60;
    %load/vec4 v0x5c82ed796420_0;
    %nor/r;
    %flag_set/vec4 8;
    %jmp/0xz  T_3.0, 8;
    %pushi/vec4 0, 0, 1;
    %assign/vec4 v0x5c82ed795e80_0, 0;
    %pushi/vec4 0, 0, 1;
    %assign/vec4 v0x5c82ed795970_0, 0;
    %pushi/vec4 0, 0, 1;
    %assign/vec4 v0x5c82ed795a10_0, 0;
    %pushi/vec4 0, 0, 2;
    %assign/vec4 v0x5c82ed795ad0_0, 0;
    %pushi/vec4 0, 0, 12;
    %assign/vec4 v0x5c82ed795f40_0, 0;
    %pushi/vec4 0, 0, 2;
    %assign/vec4 v0x5c82ed795c00_0, 0;
    %pushi/vec4 0, 0, 12;
    %assign/vec4 v0x5c82ed795da0_0, 0;
    %pushi/vec4 0, 0, 12;
    %assign/vec4 v0x5c82ed795890_0, 0;
    %jmp T_3.1;
T_3.0 ;
    %load/vec4 v0x5c82ed795f40_0;
    %assign/vec4 v0x5c82ed795da0_0, 0;
    %pushi/vec4 4095, 0, 13;
    %load/vec4 v0x5c82ed795f40_0;
    %pad/u 13;
    %sub;
    %pad/u 12;
    %assign/vec4 v0x5c82ed795890_0, 0;
    %pushi/vec4 0, 0, 1;
    %assign/vec4 v0x5c82ed795e80_0, 0;
    %pushi/vec4 0, 0, 1;
    %assign/vec4 v0x5c82ed795970_0, 0;
    %pushi/vec4 0, 0, 1;
    %assign/vec4 v0x5c82ed795a10_0, 0;
    %pushi/vec4 0, 0, 2;
    %assign/vec4 v0x5c82ed795ad0_0, 0;
    %pushi/vec4 0, 0, 2;
    %assign/vec4 v0x5c82ed795c00_0, 0;
    %pushi/vec4 1, 0, 1;
    %dup/vec4;
    %load/vec4 v0x5c82ed796340_0;
    %parti/s 1, 1, 2;
    %cmp/u;
    %jmp/1 T_3.2, 6;
    %dup/vec4;
    %load/vec4 v0x5c82ed796340_0;
    %parti/s 1, 2, 3;
    %cmp/u;
    %jmp/1 T_3.3, 6;
    %pushi/vec4 0, 0, 1;
    %assign/vec4 v0x5c82ed795e80_0, 0;
    %pushi/vec4 0, 0, 1;
    %assign/vec4 v0x5c82ed795970_0, 0;
    %pushi/vec4 0, 0, 1;
    %assign/vec4 v0x5c82ed795a10_0, 0;
    %pushi/vec4 0, 0, 2;
    %assign/vec4 v0x5c82ed795ad0_0, 0;
    %jmp T_3.5;
T_3.2 ;
    %load/vec4 v0x5c82ed796020_0;
    %store/vec4 v0x5c82ed74c360_0, 0, 16;
    %callf/vec4 TD_checkbit_calc_tb.uut.CheckbitResult, S_0x5c82ed720590;
    %assign/vec4 v0x5c82ed795c00_0, 0;
    %jmp T_3.5;
T_3.3 ;
    %load/vec4 v0x5c82ed795c00_0;
    %cmpi/e 0, 0, 2;
    %jmp/0xz  T_3.6, 4;
    %load/vec4 v0x5c82ed796020_0;
    %parti/s 12, 2, 3;
    %assign/vec4 v0x5c82ed795f40_0, 0;
    %pushi/vec4 1, 0, 1;
    %assign/vec4 v0x5c82ed795e80_0, 0;
    %pushi/vec4 0, 0, 1;
    %assign/vec4 v0x5c82ed795970_0, 0;
    %pushi/vec4 1, 0, 1;
    %assign/vec4 v0x5c82ed795a10_0, 0;
    %jmp T_3.7;
T_3.6 ;
    %pushi/vec4 0, 0, 1;
    %assign/vec4 v0x5c82ed795e80_0, 0;
    %pushi/vec4 1, 0, 1;
    %assign/vec4 v0x5c82ed795970_0, 0;
    %pushi/vec4 0, 0, 1;
    %assign/vec4 v0x5c82ed795a10_0, 0;
T_3.7 ;
    %load/vec4 v0x5c82ed795c00_0;
    %assign/vec4 v0x5c82ed795ad0_0, 0;
    %jmp T_3.5;
T_3.5 ;
    %pop/vec4 1;
T_3.1 ;
    %jmp T_3;
    .thread T_3;
    .scope S_0x5c82ed768da0;
T_4 ;
    %pushi/vec4 0, 0, 1;
    %store/vec4 v0x5c82ed796ae0_0, 0, 1;
    %end;
    .thread T_4;
    .scope S_0x5c82ed768da0;
T_5 ;
    %delay 5000, 0;
    %load/vec4 v0x5c82ed796ae0_0;
    %inv;
    %store/vec4 v0x5c82ed796ae0_0, 0, 1;
    %jmp T_5;
    .thread T_5;
    .scope S_0x5c82ed768da0;
T_6 ;
    %pushi/vec4 0, 0, 1;
    %store/vec4 v0x5c82ed796ae0_0, 0, 1;
    %pushi/vec4 0, 0, 1;
    %store/vec4 v0x5c82ed796ec0_0, 0, 1;
    %pushi/vec4 0, 0, 1;
    %store/vec4 v0x5c82ed796df0_0, 0, 1;
    %pushi/vec4 0, 0, 16;
    %store/vec4 v0x5c82ed796d20_0, 0, 16;
    %delay 100000, 0;
    %pushi/vec4 1, 0, 1;
    %store/vec4 v0x5c82ed796ec0_0, 0, 1;
    %delay 100000, 0;
    %pushi/vec4 49144, 0, 16;
    %store/vec4 v0x5c82ed796d20_0, 0, 16;
    %pushi/vec4 1, 0, 1;
    %store/vec4 v0x5c82ed796df0_0, 0, 1;
    %delay 100000, 0;
    %pushi/vec4 0, 0, 1;
    %store/vec4 v0x5c82ed796df0_0, 0, 1;
    %delay 100000, 0;
    %pushi/vec4 32756, 0, 16;
    %store/vec4 v0x5c82ed796d20_0, 0, 16;
    %pushi/vec4 1, 0, 1;
    %store/vec4 v0x5c82ed796df0_0, 0, 1;
    %delay 100000, 0;
    %pushi/vec4 0, 0, 1;
    %store/vec4 v0x5c82ed796df0_0, 0, 1;
    %delay 100000, 0;
    %pushi/vec4 16368, 0, 16;
    %store/vec4 v0x5c82ed796d20_0, 0, 16;
    %pushi/vec4 1, 0, 1;
    %store/vec4 v0x5c82ed796df0_0, 0, 1;
    %delay 100000, 0;
    %pushi/vec4 0, 0, 1;
    %store/vec4 v0x5c82ed796df0_0, 0, 1;
    %delay 100000, 0;
    %pushi/vec4 49132, 0, 16;
    %store/vec4 v0x5c82ed796d20_0, 0, 16;
    %pushi/vec4 1, 0, 1;
    %store/vec4 v0x5c82ed796df0_0, 0, 1;
    %delay 100000, 0;
    %pushi/vec4 0, 0, 1;
    %store/vec4 v0x5c82ed796df0_0, 0, 1;
    %delay 100000, 0;
    %pushi/vec4 65512, 0, 16;
    %store/vec4 v0x5c82ed796d20_0, 0, 16;
    %pushi/vec4 1, 0, 1;
    %store/vec4 v0x5c82ed796df0_0, 0, 1;
    %delay 100000, 0;
    %pushi/vec4 0, 0, 1;
    %store/vec4 v0x5c82ed796df0_0, 0, 1;
    %delay 100000, 0;
    %pushi/vec4 16356, 0, 16;
    %store/vec4 v0x5c82ed796d20_0, 0, 16;
    %pushi/vec4 1, 0, 1;
    %store/vec4 v0x5c82ed796df0_0, 0, 1;
    %delay 100000, 0;
    %pushi/vec4 0, 0, 1;
    %store/vec4 v0x5c82ed796df0_0, 0, 1;
    %delay 100000, 0;
    %pushi/vec4 32736, 0, 16;
    %store/vec4 v0x5c82ed796d20_0, 0, 16;
    %pushi/vec4 1, 0, 1;
    %store/vec4 v0x5c82ed796df0_0, 0, 1;
    %delay 100000, 0;
    %pushi/vec4 0, 0, 1;
    %store/vec4 v0x5c82ed796df0_0, 0, 1;
    %delay 100000, 0;
    %pushi/vec4 32732, 0, 16;
    %store/vec4 v0x5c82ed796d20_0, 0, 16;
    %pushi/vec4 1, 0, 1;
    %store/vec4 v0x5c82ed796df0_0, 0, 1;
    %delay 100000, 0;
    %pushi/vec4 0, 0, 1;
    %store/vec4 v0x5c82ed796df0_0, 0, 1;
    %delay 100000, 0;
    %pushi/vec4 16344, 0, 16;
    %store/vec4 v0x5c82ed796d20_0, 0, 16;
    %pushi/vec4 1, 0, 1;
    %store/vec4 v0x5c82ed796df0_0, 0, 1;
    %delay 100000, 0;
    %pushi/vec4 0, 0, 1;
    %store/vec4 v0x5c82ed796df0_0, 0, 1;
    %delay 100000, 0;
    %pushi/vec4 65492, 0, 16;
    %store/vec4 v0x5c82ed796d20_0, 0, 16;
    %pushi/vec4 1, 0, 1;
    %store/vec4 v0x5c82ed796df0_0, 0, 1;
    %delay 100000, 0;
    %pushi/vec4 0, 0, 1;
    %store/vec4 v0x5c82ed796df0_0, 0, 1;
    %delay 100000, 0;
    %pushi/vec4 49104, 0, 16;
    %store/vec4 v0x5c82ed796d20_0, 0, 16;
    %pushi/vec4 1, 0, 1;
    %store/vec4 v0x5c82ed796df0_0, 0, 1;
    %delay 100000, 0;
    %pushi/vec4 0, 0, 1;
    %store/vec4 v0x5c82ed796df0_0, 0, 1;
    %delay 100000, 0;
    %pushi/vec4 16332, 0, 16;
    %store/vec4 v0x5c82ed796d20_0, 0, 16;
    %pushi/vec4 1, 0, 1;
    %store/vec4 v0x5c82ed796df0_0, 0, 1;
    %delay 100000, 0;
    %pushi/vec4 0, 0, 1;
    %store/vec4 v0x5c82ed796df0_0, 0, 1;
    %delay 100000, 0;
    %pushi/vec4 32712, 0, 16;
    %store/vec4 v0x5c82ed796d20_0, 0, 16;
    %pushi/vec4 1, 0, 1;
    %store/vec4 v0x5c82ed796df0_0, 0, 1;
    %delay 100000, 0;
    %pushi/vec4 0, 0, 1;
    %store/vec4 v0x5c82ed796df0_0, 0, 1;
    %delay 100000, 0;
    %pushi/vec4 49092, 0, 16;
    %store/vec4 v0x5c82ed796d20_0, 0, 16;
    %pushi/vec4 1, 0, 1;
    %store/vec4 v0x5c82ed796df0_0, 0, 1;
    %delay 100000, 0;
    %pushi/vec4 0, 0, 1;
    %store/vec4 v0x5c82ed796df0_0, 0, 1;
    %delay 100000, 0;
    %pushi/vec4 65472, 0, 16;
    %store/vec4 v0x5c82ed796d20_0, 0, 16;
    %pushi/vec4 1, 0, 1;
    %store/vec4 v0x5c82ed796df0_0, 0, 1;
    %delay 100000, 0;
    %pushi/vec4 0, 0, 1;
    %store/vec4 v0x5c82ed796df0_0, 0, 1;
    %delay 100000, 0;
    %pushi/vec4 49084, 0, 16;
    %store/vec4 v0x5c82ed796d20_0, 0, 16;
    %pushi/vec4 1, 0, 1;
    %store/vec4 v0x5c82ed796df0_0, 0, 1;
    %delay 100000, 0;
    %pushi/vec4 0, 0, 1;
    %store/vec4 v0x5c82ed796df0_0, 0, 1;
    %end;
    .thread T_6;
    .scope S_0x5c82ed768da0;
T_7 ;
    %vpi_call 2 125 "$monitor", "Time=%0t | rst_in=%b encoder_raw_data_ready_i=%b encoder_data_i=%h | data_ready_o=%b  checkbit_result_o=%b cw_position_counts_o =%h ccw_position_counts_o = %h", $time, v0x5c82ed796ec0_0, v0x5c82ed796df0_0, v0x5c82ed796d20_0, v0x5c82ed796c50_0, v0x5c82ed796a10_0, v0x5c82ed796b80_0, v0x5c82ed796760_0 {0 0 0};
    %end;
    .thread T_7;
    .scope S_0x5c82ed768da0;
T_8 ;
    %vpi_call 2 131 "$dumpfile", "sim/waveforms/checkbit_calc.vcd" {0 0 0};
    %vpi_call 2 132 "$dumpvars", 32'sb00000000000000000000000000000000, S_0x5c82ed768da0 {0 0 0};
    %delay 9000000, 0;
    %vpi_call 2 134 "$finish" {0 0 0};
    %end;
    .thread T_8;
# The file index is used to find the file name in the following table.
:file_names 4;
    "N/A";
    "<interactive>";
    "tb/checkbit_calc_tb.v";
    "rtl/checkbit_calc.v";
